// Jest Snapshot v1, https://jestjs.io/docs/snapshot-testing

exports[`프롬프트 스냅샷 사용자 메시지·컨텍스트·폴백 문구 1`] = `
{
  "context": "[근거 — 과거 승인 답변]
- (K-0001) 저녁 유예 안내
- (S-0001) 과거 답변",
  "emptyContext": "",
  "hint": "다음 JSON 스키마를 따라 응답하라. 스키마에 없는 텍스트는 출력하지 않는다.
{"type":"object"}",
  "stage1": "[민원]
민원 본문

[참고자료]
[근거 — 과거 승인 답변]
- (K-0001) 저녁 유예 안내
- (S-0001) 과거 답변
",
  "stage2": "[민원]
민원 본문

[민원 요구사항]
요구 요약

[참고자료]
[근거 — 과거 승인 답변]
- (K-0001) 저녁 유예 안내
- (S-0001) 과거 답변
",
  "stage3": "[민원]
민원 본문
[민원 요구사항]
요구 요약
[참고자료]
[근거 — 과거 승인 답변]
- (K-0001) 저녁 유예 안내
- (S-0001) 과거 답변

[지정된 접근 유형]
ONSITE_CHECK
",
  "stage3NoSummary": "[민원]
민원 본문

[참고자료]
[근거 — 과거 승인 답변]
- (K-0001) 저녁 유예 안내
- (S-0001) 과거 답변

[지정된 접근 유형]
ONSITE_CHECK
",
}
`;

exports[`프롬프트 스냅샷 스키마 (근거 있음 / 없음) 1`] = `
{
  "STAGE1_SCHEMA": {
    "properties": {
      "is_answerable": {
        "description": "missing_info 없이도 일반적 절차 안내로 답변 가능하면 true. missing_info의 항목이 없으면 답변 자체를 쓸 수 없는 경우에만 false.",
        "type": "boolean",
      },
      "missing_info": {
        "description": "답변에 필요하지만 민원 원문과 참고자료 어디에도 없는 정보 항목. 예: '해당 구간이 주민신고제 대상인지 여부', '발생 시각', '차량번호'. 민원인이 감정적으로 썼다는 것 자체는 정보 부족이 아니므로 포함하지 않는다. 부족한 항목이 없으면 빈 배열.",
        "items": {
          "type": "string",
        },
        "type": "array",
      },
      "request_summary": {
        "description": "민원인이 실제로 요구하는 것을 한 문장으로 정리. 불만 표출(예: '너무 심하다')과 요구사항(예: '단속 강화')을 구분해 요구사항만 적는다.",
        "type": "string",
      },
    },
    "required": [
      "request_summary",
      "missing_info",
      "is_answerable",
    ],
    "type": "object",
  },
  "stage2NoSources": {
    "properties": {
      "approaches": {
        "description": "이 민원에 적합한 접근 유형 1~3개. 서로 실질적으로 다른 접근만 고르고, 표현만 다른 조합은 금지한다. 접근 유형과 선택 기준:
- PROCEDURE_GUIDE (절차 안내 중심): 민원인이 다음에 할 일이 명확할 때
- ONSITE_CHECK (현장 확인 일정 제시): 사실관계 확인이 선행돼야 할 때
- IMMEDIATE_ACTION (즉시 조치 안내): 이미 조치했거나 즉시 가능할 때
- NOT_ELIGIBLE (요건 미충족 안내): 요청을 수용할 수 없을 때",
        "items": {
          "enum": [
            "PROCEDURE_GUIDE",
            "ONSITE_CHECK",
            "IMMEDIATE_ACTION",
            "NOT_ELIGIBLE",
          ],
          "type": "string",
        },
        "maxItems": 3,
        "minItems": 1,
        "type": "array",
      },
      "selected_sources": {
        "description": "근거(과거 승인 답변) 후보가 없으므로 항상 빈 배열.",
        "items": {
          "type": "string",
        },
        "maxItems": 0,
        "type": "array",
      },
    },
    "required": [
      "selected_sources",
      "approaches",
    ],
    "type": "object",
  },
  "stage2WithSources": {
    "properties": {
      "approaches": {
        "description": "이 민원에 적합한 접근 유형 1~3개. 서로 실질적으로 다른 접근만 고르고, 표현만 다른 조합은 금지한다. 접근 유형과 선택 기준:
- PROCEDURE_GUIDE (절차 안내 중심): 민원인이 다음에 할 일이 명확할 때
- ONSITE_CHECK (현장 확인 일정 제시): 사실관계 확인이 선행돼야 할 때
- IMMEDIATE_ACTION (즉시 조치 안내): 이미 조치했거나 즉시 가능할 때
- NOT_ELIGIBLE (요건 미충족 안내): 요청을 수용할 수 없을 때",
        "items": {
          "enum": [
            "PROCEDURE_GUIDE",
            "ONSITE_CHECK",
            "IMMEDIATE_ACTION",
            "NOT_ELIGIBLE",
          ],
          "type": "string",
        },
        "maxItems": 3,
        "minItems": 1,
        "type": "array",
      },
      "selected_sources": {
        "description": "근거(과거 승인 답변) 중 실제로 답변 근거로 쓴 항목의 source. 후보 목록 밖의 값은 쓸 수 없다.",
        "items": {
          "enum": [
            "K-0001",
            "K-0002",
          ],
          "type": "string",
        },
        "type": "array",
      },
    },
    "required": [
      "selected_sources",
      "approaches",
    ],
    "type": "object",
  },
  "stage3NoSources": {
    "properties": {
      "answer": {
        "description": "민원인에게 발송할 답변 본문. 5문장 이내(짧을수록 좋음), 공문 존댓말. 인사말은 첫 문장에 한 번만, 마무리 인사도 한 번만 쓰고 같은 말을 반복하지 않는다. 접근 유형별 초점 — PROCEDURE_GUIDE: 민원인이 다음에 할 행동, ONSITE_CHECK: 현장 확인이 필요하다는 사실(기간은 쓰지 않음), IMMEDIATE_ACTION: 이미 완료된 사항, NOT_ELIGIBLE: 불가 사유.",
        "type": "string",
      },
      "approach": {
        "description": "이 답변이 따른 접근 유형. 입력으로 지정된 접근 유형과 동일해야 한다.",
        "enum": [
          "PROCEDURE_GUIDE",
          "ONSITE_CHECK",
          "IMMEDIATE_ACTION",
          "NOT_ELIGIBLE",
        ],
        "type": "string",
      },
      "assumptions": {
        "description": "참고자료에 근거가 없는데 답변에 포함한 내용. 예: '해당 도로가 주민신고제 구역이라고 가정함'. 없으면 빈 배열. 이 목록을 비우려고 문장을 삭제하지 말 것.",
        "items": {
          "type": "string",
        },
        "type": "array",
      },
      "used_sources": {
        "description": "근거(과거 승인 답변) 후보가 없으므로 항상 빈 배열.",
        "items": {
          "type": "string",
        },
        "maxItems": 0,
        "type": "array",
      },
    },
    "required": [
      "answer",
      "approach",
      "used_sources",
      "assumptions",
    ],
    "type": "object",
  },
  "stage3WithSources": {
    "properties": {
      "answer": {
        "description": "민원인에게 발송할 답변 본문. 5문장 이내(짧을수록 좋음), 공문 존댓말. 인사말은 첫 문장에 한 번만, 마무리 인사도 한 번만 쓰고 같은 말을 반복하지 않는다. 접근 유형별 초점 — PROCEDURE_GUIDE: 민원인이 다음에 할 행동, ONSITE_CHECK: 현장 확인이 필요하다는 사실(기간은 쓰지 않음), IMMEDIATE_ACTION: 이미 완료된 사항, NOT_ELIGIBLE: 불가 사유.",
        "type": "string",
      },
      "approach": {
        "description": "이 답변이 따른 접근 유형. 입력으로 지정된 접근 유형과 동일해야 한다.",
        "enum": [
          "PROCEDURE_GUIDE",
          "ONSITE_CHECK",
          "IMMEDIATE_ACTION",
          "NOT_ELIGIBLE",
        ],
        "type": "string",
      },
      "assumptions": {
        "description": "참고자료에 근거가 없는데 답변에 포함한 내용. 예: '해당 도로가 주민신고제 구역이라고 가정함'. 없으면 빈 배열. 이 목록을 비우려고 문장을 삭제하지 말 것.",
        "items": {
          "type": "string",
        },
        "type": "array",
      },
      "used_sources": {
        "description": "근거(과거 승인 답변) 중 실제로 답변 근거로 쓴 항목의 source. 후보 목록 밖의 값은 쓸 수 없다.",
        "items": {
          "enum": [
            "K-0001",
            "K-0002",
          ],
          "type": "string",
        },
        "type": "array",
      },
    },
    "required": [
      "answer",
      "approach",
      "used_sources",
      "assumptions",
    ],
    "type": "object",
  },
}
`;

exports[`프롬프트 스냅샷 시스템 프롬프트 1`] = `
{
  "COMMON_RULES": "# 역할
유성구청 민원 답변 작성자.

# 절대 규칙
1. **참고자료에 없는 내용은 쓰지 않는다.** 기간·부서·연락처를 추측하지 않는다.
2. **'유예 시간'은 단속을 하지 않는 시간이다.** 그 시간에 단속한다고 쓰지 않는다.
3. **자료의 일반 규정을 이 민원 장소에 단정 적용하지 않는다.**
4. **답변 본문만 출력한다.** 작업 과정이나 지시사항을 언급하지 않는다.
5. **한국어, JSON만 출력한다.**",
  "STAGE1_SYSTEM": "# 역할
유성구청 민원 답변 작성자.

# 절대 규칙
1. **참고자료에 없는 내용은 쓰지 않는다.** 기간·부서·연락처를 추측하지 않는다.
2. **'유예 시간'은 단속을 하지 않는 시간이다.** 그 시간에 단속한다고 쓰지 않는다.
3. **자료의 일반 규정을 이 민원 장소에 단정 적용하지 않는다.**
4. **답변 본문만 출력한다.** 작업 과정이나 지시사항을 언급하지 않는다.
5. **한국어, JSON만 출력한다.**

## 현재 단계: 민원 분석
민원 원문을 읽고 답변에 필요한 정보가 갖춰졌는지 판정한다.

**할 일**
1. 민원인이 실제로 요구하는 것을 한 문장으로 정리한다. 불만 표출과 요구사항을 구분할 것.
2. 답변하려면 필요한데 민원 원문·참고자료 어디에도 없는 정보를 나열한다.
3. 그 정보 없이도 일반적 절차 안내로 답변 가능한지 판단한다.

**주의**: 민원인이 감정적으로 썼다고 정보가 부족한 것은 아니다.
그것 없이는 답변을 쓸 수 없는 경우만 부족으로 판정한다.",
  "STAGE2_SYSTEM": "# 역할
유성구청 민원 답변 작성자.

# 절대 규칙
1. **참고자료에 없는 내용은 쓰지 않는다.** 기간·부서·연락처를 추측하지 않는다.
2. **'유예 시간'은 단속을 하지 않는 시간이다.** 그 시간에 단속한다고 쓰지 않는다.
3. **자료의 일반 규정을 이 민원 장소에 단정 적용하지 않는다.**
4. **답변 본문만 출력한다.** 작업 과정이나 지시사항을 언급하지 않는다.
5. **한국어, JSON만 출력한다.**

## 현재 단계: 근거 선별 및 접근 결정

**할 일**
1. 근거(과거 승인 답변) 후보 중 이 민원과 직접 관련된 것만 선별한다. 후보에 있다는 이유로 억지로 쓰지 않는다.
2. 쓸 만한 자료가 없으면 selected_sources를 빈 배열로 둔다.
3. 아래 접근 유형 중 이 민원에 적합한 것을 1~3개 고른다. 서로 실질적으로 다른 것만 고르고,
   표현만 다른 조합은 금지한다.

**접근 유형**
- PROCEDURE_GUIDE (절차 안내 중심): 민원인이 다음에 할 일이 명확할 때
- ONSITE_CHECK (현장 확인 일정 제시): 사실관계 확인이 선행돼야 할 때
- IMMEDIATE_ACTION (즉시 조치 안내): 이미 조치했거나 즉시 가능할 때
- NOT_ELIGIBLE (요건 미충족 안내): 요청을 수용할 수 없을 때",
  "STAGE3_SYSTEM": "# 역할
유성구청 민원 답변 작성자.

# 절대 규칙
1. **참고자료에 없는 내용은 쓰지 않는다.** 기간·부서·연락처를 추측하지 않는다.
2. **'유예 시간'은 단속을 하지 않는 시간이다.** 그 시간에 단속한다고 쓰지 않는다.
3. **자료의 일반 규정을 이 민원 장소에 단정 적용하지 않는다.**
4. **답변 본문만 출력한다.** 작업 과정이나 지시사항을 언급하지 않는다.
5. **한국어, JSON만 출력한다.**

## 현재 단계: 답변 작성
지정된 접근 유형에 맞춰 민원 답변을 작성한다.

**형식**
- 5문장 이내. 짧을수록 좋다.
- 공문 존댓말. 인사말은 첫 문장 하나만, 마무리 인사도 한 번만.
- 같은 말을 반복하지 않는다.

**접근 유형별 초점**
- PROCEDURE_GUIDE  : 민원인이 다음에 할 행동
- ONSITE_CHECK     : 현장 확인이 필요하다는 사실 (기간은 쓰지 않는다)
- IMMEDIATE_ACTION : 이미 완료된 사항
- NOT_ELIGIBLE     : 불가 사유

used_sources에는 답변의 근거로 쓴 자료의 source를 반드시 적는다.
assumptions에는 참고자료에 없는데 답변에 넣은 내용을 적는다. 없으면 빈 배열.
(assumptions는 검토자가 확인할 정보다.)",
}
`;
